[     184ms] [INFO] %cDownload the React DevTools for a better development experience: https://react.dev/link/react-devtools font-weight:bold @ http://college-drs.localhost.test:5173/node_modules/.vite/deps/react-dom_client.js?v=14ebac92:20102
[     313ms] [ERROR] Failed to load resource: the server responded with a status of 401 (Unauthorized) @ http://auth-api.localhost.test:8002/api/user:0
[     356ms] [ERROR] %o

%s

%s
 AxiosError: Request failed with status code 401
    at settle (http://college-drs.localhost.test:5173/node_modules/.vite/deps/axios.js?v=14ebac92:1319:7)
    at XMLHttpRequest.onloadend (http://college-drs.localhost.test:5173/node_modules/.vite/deps/axios.js?v=14ebac92:1682:7)
    at Axios.request (http://college-drs.localhost.test:5173/node_modules/.vite/deps/axios.js?v=14ebac92:2328:41)
    at async loader (http://college-drs.localhost.test:5173/src/routes/index.tsx?t=1781591090576:29:26)
    at async runLoader (http://college-drs.localhost.test:5173/node_modules/.vite/deps/chunk-UIXEE26Q.js?v=14ebac92:2162:52)
    at async handleLoader (http://college-drs.localhost.test:5173/node_modules/.vite/deps/chunk-UIXEE26Q.js?v=14ebac92:2246:62)
    at async loadRouteMatch (http://college-drs.localhost.test:5173/node_modules/.vite/deps/chunk-UIXEE26Q.js?v=14ebac92:2279:7)
    at async Promise.all (index 1)
    at async loadMatches (http://college-drs.localhost.test:5173/node_modules/.vite/deps/chunk-UIXEE26Q.js?v=14ebac92:2326:5)
    at async http://college-drs.localhost.test:5173/node_modules/.vite/deps/chunk-UIXEE26Q.js?v=14ebac92:2955:13 The above error occurred in the <MatchInnerImpl> component. React will try to recreate this component tree from scratch using the error boundary you provided, CatchBoundaryImpl. @ http://college-drs.localhost.test:5173/node_modules/.vite/deps/react-dom_client.js?v=14ebac92:7000
[     356ms] [WARNING] Warning: The following error wasn't caught by any route! At the very least, consider setting an 'errorComponent' in your RootRoute! @ http://college-drs.localhost.test:5173/node_modules/.vite/deps/chunk-UIXEE26Q.js?v=14ebac92:6073
[     357ms] [WARNING] Warning: Request failed with status code 401 @ http://college-drs.localhost.test:5173/node_modules/.vite/deps/chunk-UIXEE26Q.js?v=14ebac92:6074
[     369ms] [ERROR] Failed to load resource: the server responded with a status of 403 (Forbidden) @ http://localhost.test:8081/login?returnTo=http%3A%2F%2Fcollege-drs.localhost.test%3A5173%2F:0
[     389ms] [ERROR] Failed to load resource: the server responded with a status of 403 (Forbidden) @ http://localhost.test:8081/favicon.ico:0
